// Jest Snapshot v1, https://goo.gl/fbAQLP

exports[`client in context 1`] = `"OK"`;

exports[`client in context 2`] = `"LOADING"`;

exports[`none 1`] = `<div />`;
